---
source: cr_cpu_common/tests/cpu_tests.rs
expression: cpu.get_or()
---
0
